Downloading/unpacking sympy==1.4
  Getting page https://pypi.python.org/simple/sympy/
  Could not fetch URL https://pypi.python.org/simple/sympy/: 403 Client Error: SNI is required
  Will skip URL https://pypi.python.org/simple/sympy/ when looking for download links for sympy==1.4
  Getting page https://pypi.python.org/simple/
  Could not fetch URL https://pypi.python.org/simple/: timed out
  Will skip URL https://pypi.python.org/simple/ when looking for download links for sympy==1.4
  Cannot fetch index base URL https://pypi.python.org/simple/
  URLs to search for versions for sympy==1.4:
  * https://pypi.python.org/simple/sympy/1.4
  * https://pypi.python.org/simple/sympy/
  Getting page https://pypi.python.org/simple/sympy/1.4
  Could not fetch URL https://pypi.python.org/simple/sympy/1.4: 403 Client Error: SNI is required
  Will skip URL https://pypi.python.org/simple/sympy/1.4 when looking for download links for sympy==1.4
  Getting page https://pypi.python.org/simple/sympy/
  Could not fetch URL https://pypi.python.org/simple/sympy/: 403 Client Error: SNI is required
  Will skip URL https://pypi.python.org/simple/sympy/ when looking for download links for sympy==1.4
  Could not find any downloads that satisfy the requirement sympy==1.4
Cleaning up...
  Removing temporary dir /tmp/pip_build_root...
No distributions at all found for sympy==1.4
Exception information:
Traceback (most recent call last):
  File "/usr/lib/python2.7/dist-packages/pip/basecommand.py", line 122, in main
    status = self.run(options, args)
  File "/usr/lib/python2.7/dist-packages/pip/commands/install.py", line 278, in run
    requirement_set.prepare_files(finder, force_root_egg_info=self.bundle, bundle=self.bundle)
  File "/usr/lib/python2.7/dist-packages/pip/req.py", line 1178, in prepare_files
    url = finder.find_requirement(req_to_install, upgrade=self.upgrade)
  File "/usr/lib/python2.7/dist-packages/pip/index.py", line 277, in find_requirement
    raise DistributionNotFound('No distributions at all found for %s' % req)
DistributionNotFound: No distributions at all found for sympy==1.4
